// Jest Snapshot v1, https://goo.gl/fbAQLP

exports[`Conversion Test Suite should support convert datetime for mysql 1`] = `"0000-01-01 00:00:00.000"`;

exports[`Conversion Test Suite should support convert datetime for mysql 2`] = `"9999-12-31 23:59:59.999"`;

exports[`Conversion Test Suite should support convert datetime for mysql 3`] = `"9999-12-31 23:59:59.000"`;
